// Jest Snapshot v1, https://goo.gl/fbAQLP

exports[`Header renders and matches our snapshot 1`] = `
<header
  className="App-header"
>
  <img
    alt="logo"
    className="App-logo"
    src="logo.svg"
  />
  <h1
    className="App-title"
  >
    React app with oidc-client-js
  </h1>
</header>
`;
